==================================== INPUT ====================================
query NodeQuery($id: ID!, $last: Int, $first: Int) {
  node(id: $id) {
    id
    ... on Story {
      forwardComments: comments(first: 1)
        @connection(key: "NodeQuery_forwardComments") {
        edges {
          node {
            id
          }
        }
      }
      backwardComments: comments(last: 2)
        @connection(key: "NodeQuery_backwardComments") {
        edges {
          node {
            id
          }
        }
      }
      mixedDirectionComments: comments(last: $last, first: $first)
        @connection(key: "NodeQuery_mixedDirectionComments") {
        edges {
          node {
            id
          }
        }
      }
    }
  }
}
==================================== OUTPUT ===================================
(function(){
var v0 = [
  {
    "defaultValue": null,
    "kind": "LocalArgument",
    "name": "first",
    "type": "Int"
  },
  {
    "defaultValue": null,
    "kind": "LocalArgument",
    "name": "id",
    "type": "ID!"
  },
  {
    "defaultValue": null,
    "kind": "LocalArgument",
    "name": "last",
    "type": "Int"
  }
],
v1 = [
  {
    "kind": "Variable",
    "name": "id",
    "variableName": "id"
  }
],
v2 = {
  "alias": null,
  "args": null,
  "kind": "ScalarField",
  "name": "id",
  "storageKey": null
},
v3 = [
  {
    "kind": "Literal",
    "name": "first",
    "value": 1
  }
],
v4 = {
  "alias": null,
  "args": null,
  "concreteType": "CommentsEdge",
  "kind": "LinkedField",
  "name": "edges",
  "plural": true,
  "selections": [
    {
      "alias": null,
      "args": null,
      "concreteType": "Comment",
      "kind": "LinkedField",
      "name": "node",
      "plural": false,
      "selections": [
        (v2/*: any*/)
      ],
      "storageKey": null
    },
    {
      "kind": "InlineFragment",
      "selections": [
        {
          "alias": null,
          "args": null,
          "kind": "ScalarField",
          "name": "cursor",
          "storageKey": null
        },
        {
          "alias": null,
          "args": null,
          "concreteType": "Comment",
          "kind": "LinkedField",
          "name": "node",
          "plural": false,
          "selections": [
            {
              "alias": null,
              "args": null,
              "kind": "ScalarField",
              "name": "__typename",
              "storageKey": null
            }
          ],
          "storageKey": null
        }
      ],
      "type": "CommentsEdge"
    }
  ],
  "storageKey": null
},
v5 = {
  "alias": null,
  "args": null,
  "kind": "ScalarField",
  "name": "endCursor",
  "storageKey": null
},
v6 = {
  "alias": null,
  "args": null,
  "kind": "ScalarField",
  "name": "hasNextPage",
  "storageKey": null
},
v7 = [
  (v4/*: any*/),
  {
    "alias": null,
    "args": null,
    "concreteType": "PageInfo",
    "kind": "LinkedField",
    "name": "pageInfo",
    "plural": false,
    "selections": [
      {
        "kind": "InlineFragment",
        "selections": [
          (v5/*: any*/),
          (v6/*: any*/)
        ],
        "type": "PageInfo"
      }
    ],
    "storageKey": null
  }
],
v8 = [
  {
    "kind": "Literal",
    "name": "last",
    "value": 2
  }
],
v9 = {
  "alias": null,
  "args": null,
  "kind": "ScalarField",
  "name": "hasPreviousPage",
  "storageKey": null
},
v10 = {
  "alias": null,
  "args": null,
  "kind": "ScalarField",
  "name": "startCursor",
  "storageKey": null
},
v11 = [
  (v4/*: any*/),
  {
    "alias": null,
    "args": null,
    "concreteType": "PageInfo",
    "kind": "LinkedField",
    "name": "pageInfo",
    "plural": false,
    "selections": [
      {
        "kind": "InlineFragment",
        "selections": [
          (v9/*: any*/),
          (v10/*: any*/)
        ],
        "type": "PageInfo"
      }
    ],
    "storageKey": null
  }
],
v12 = [
  {
    "kind": "Variable",
    "name": "first",
    "variableName": "first"
  },
  {
    "kind": "Variable",
    "name": "last",
    "variableName": "last"
  }
],
v13 = [
  (v4/*: any*/),
  {
    "alias": null,
    "args": null,
    "concreteType": "PageInfo",
    "kind": "LinkedField",
    "name": "pageInfo",
    "plural": false,
    "selections": [
      {
        "kind": "InlineFragment",
        "selections": [
          (v5/*: any*/),
          (v6/*: any*/),
          (v9/*: any*/),
          (v10/*: any*/)
        ],
        "type": "PageInfo"
      }
    ],
    "storageKey": null
  }
];
return {
  "fragment": {
    "argumentDefinitions": (v0/*: any*/),
    "kind": "Fragment",
    "metadata": {
      "connection": [
        {
          "count": null,
          "cursor": null,
          "direction": "forward",
          "path": [
            "node",
            "forwardComments"
          ]
        },
        {
          "count": null,
          "cursor": null,
          "direction": "backward",
          "path": [
            "node",
            "backwardComments"
          ]
        },
        {
          "count": null,
          "cursor": null,
          "direction": "bidirectional",
          "path": [
            "node",
            "mixedDirectionComments"
          ]
        }
      ]
    },
    "name": "NodeQuery",
    "selections": [
      {
        "alias": null,
        "args": (v1/*: any*/),
        "concreteType": null,
        "kind": "LinkedField",
        "name": "node",
        "plural": false,
        "selections": [
          (v2/*: any*/),
          {
            "kind": "InlineFragment",
            "selections": [
              {
                "alias": "forwardComments",
                "args": (v3/*: any*/),
                "concreteType": "CommentsConnection",
                "kind": "LinkedField",
                "name": "__NodeQuery_forwardComments_connection",
                "plural": false,
                "selections": (v7/*: any*/),
                "storageKey": "__NodeQuery_forwardComments_connection(first:1)"
              },
              {
                "alias": "backwardComments",
                "args": (v8/*: any*/),
                "concreteType": "CommentsConnection",
                "kind": "LinkedField",
                "name": "__NodeQuery_backwardComments_connection",
                "plural": false,
                "selections": (v11/*: any*/),
                "storageKey": "__NodeQuery_backwardComments_connection(last:2)"
              },
              {
                "alias": "mixedDirectionComments",
                "args": (v12/*: any*/),
                "concreteType": "CommentsConnection",
                "kind": "LinkedField",
                "name": "__NodeQuery_mixedDirectionComments_connection",
                "plural": false,
                "selections": (v13/*: any*/),
                "storageKey": null
              }
            ],
            "type": "Story"
          }
        ],
        "storageKey": null
      }
    ],
    "type": "Query"
  },
  "kind": "Request",
  "operation": {
    "argumentDefinitions": (v0/*: any*/),
    "kind": "Operation",
    "name": "NodeQuery",
    "selections": [
      {
        "alias": null,
        "args": (v1/*: any*/),
        "concreteType": null,
        "kind": "LinkedField",
        "name": "node",
        "plural": false,
        "selections": [
          (v2/*: any*/),
          {
            "kind": "InlineFragment",
            "selections": [
              {
                "alias": "forwardComments",
                "args": (v3/*: any*/),
                "concreteType": "CommentsConnection",
                "kind": "LinkedField",
                "name": "comments",
                "plural": false,
                "selections": (v7/*: any*/),
                "storageKey": "comments(first:1)"
              },
              {
                "alias": "forwardComments",
                "args": (v3/*: any*/),
                "filters": null,
                "handle": "connection",
                "key": "NodeQuery_forwardComments",
                "kind": "LinkedHandle",
                "name": "comments"
              },
              {
                "alias": "backwardComments",
                "args": (v8/*: any*/),
                "concreteType": "CommentsConnection",
                "kind": "LinkedField",
                "name": "comments",
                "plural": false,
                "selections": (v11/*: any*/),
                "storageKey": "comments(last:2)"
              },
              {
                "alias": "backwardComments",
                "args": (v8/*: any*/),
                "filters": null,
                "handle": "connection",
                "key": "NodeQuery_backwardComments",
                "kind": "LinkedHandle",
                "name": "comments"
              },
              {
                "alias": "mixedDirectionComments",
                "args": (v12/*: any*/),
                "concreteType": "CommentsConnection",
                "kind": "LinkedField",
                "name": "comments",
                "plural": false,
                "selections": (v13/*: any*/),
                "storageKey": null
              },
              {
                "alias": "mixedDirectionComments",
                "args": (v12/*: any*/),
                "filters": null,
                "handle": "connection",
                "key": "NodeQuery_mixedDirectionComments",
                "kind": "LinkedHandle",
                "name": "comments"
              }
            ],
            "type": "Story"
          }
        ],
        "storageKey": null
      }
    ]
  },
  "params": {
    "id": null,
    "metadata": {},
    "name": "NodeQuery",
    "operationKind": "query",
    "text": null
  }
};
})()
