==================================== INPUT ====================================
# expected-to-throw
fragment Test on User {
  ...Bar()
}
==================================== ERROR ====================================
✖︎ Expected an argument

  spread_with_empty_arguments.invalid.graphql:3:9
    2 │ fragment Test on User {
    3 │   ...Bar()
      │         ^^
    4 │ }
