==================================== INPUT ====================================
# expected-to-throw
fragment RelayReaderNamedFragmentsTest_user on User {
  name
}

query RelayReaderNamedFragmentsTest2Query($someCondition: Boolean!) {
  me {
    # This might not match!
    ...RelayReaderNamedFragmentsTest_user @skip(if: $someCondition)
  }
}
==================================== ERROR ====================================
✖︎ Expected `@alias` directive. Fragment spreads with `@skip` are conditionally fetched. Add `@alias` to this spread to expose the fragment reference as a nullable property.

  skip_fragment_spread_without_alias.invalid.graphql:9:43
    8 │     # This might not match!
    9 │     ...RelayReaderNamedFragmentsTest_user @skip(if: $someCondition)
      │                                           ^^^^^
   10 │   }
