==================================== INPUT ====================================
//- Cat.js

/**
 * Copyright (c) Meta Platforms, Inc. and affiliates.
 *
 * This source code is licensed under the MIT license found in the
 * LICENSE file in the root directory of this source tree.
 */


import type CatFlowType from 'Cat';

/**
 * @RelayResolver
 */
export function Cat(id: DataID): CatFlowType {
  return {};
}

//- Cat-name.js

import type CatFlowType from 'Cat';
/**
 * @RelayResolver
 */
export function name(cat: CatFlowType): Page {
  return {};
}



//- Cat-friend.js

import type CatFlowType from 'Cat';
/**
 * @RelayResolver
 */
export function friend(cat: CatFlowType): User {
  return {};
}
==================================== OUTPUT ===================================


✖︎ Can't find Flow type definition for `Page`. Expected the type to be imported from another module, or exported from the current module

  Cat-name.js:6:41
    5 │  */
    6 │ export function name(cat: CatFlowType): Page {
      │                                         ^^^^
    7 │   return {};


✖︎ Can't find Flow type definition for `User`. Expected the type to be imported from another module, or exported from the current module

  Cat-friend.js:6:43
    5 │  */
    6 │ export function friend(cat: CatFlowType): User {
      │                                           ^^^^
    7 │   return {};
