==================================== INPUT ====================================
# expected-to-throw
mutation MyMutation {
  setName(name: "Alice") {
    name @required(action: THROW)
  }
}

# %extensions%
==================================== ERROR ====================================
✖︎ Unexpected `@required(action: THROW)` directive in mutation response. The use of `@required(action: THROW)` is not supported in mutations.

  mutation_with_required_field.invalid.graphql:4:10
    3 │   setName(name: "Alice") {
    4 │     name @required(action: THROW)
      │          ^^^^^^^^^
    5 │   }
