==================================== INPUT ====================================
query MeQuery($include_firstname: Boolean!) {
  me {
    ...UserFragment(return_firstname: $include_firstname)
  }
}

fragment UserFragment($return_firstname: Boolean!) on User {
  name @skip(if: $return_firstname)
  ... @defer(if: $return_fi|rstname) {
    og_name: name
  }
  firstName(if: $return_firstname)
}

fragment CommentFragment on Comment {
  author {
    ...UserFragment(return_firstname: true)
  }
}
==================================== OUTPUT ===================================
query MeQuery($include_firstname: Boolean!) {
  me {
    ...UserFragment(RENAMED: $include_firstname)
  }
}

fragment UserFragment($RENAMED: Boolean!) on User {
  name @skip(if: $RENAMED)
  ... @defer(if: $RENAMED) {
    og_name: name
  }
  firstName(if: $RENAMED)
}

fragment CommentFragment on Comment {
  author {
    ...UserFragment(RENAMED: true)
  }
}
