==================================== INPUT ====================================
# expected-to-throw
fragment TestFragment on User
  @argumentDefinitions(
    id: {type: "ID"}
    size: {type: "[Int]", defaultValu: [100]} # uh-oh, typo
  ) {
  ...Foo @arguments(size: $size)
}
==================================== ERROR ====================================
Invalid values passed to '@arguments', supported options include 'type' and 'defaultValue', got 'defaultValu':
argument-definitions-with-typo.invalid.graphql:4:10:
    size: {type: "[Int]", defaultValu: [100]} # uh-oh, typo
  ) {
