==================================== INPUT ====================================
fragment ParentFragment on User {
  ...ChildFragment @arguments(pictureSize: [42])
}

fragment ChildFragment on User
  @argumentDefinitions(pictureSize: {type: "[Int]"}) {
  profilePicture(size: $pictureSize) {
    uri
  }
}
==================================== OUTPUT ===================================
[
    Fragment(
        FragmentDefinition {
            name: Spanned {
                span: 9:24,
                item: "ParentFragment",
            },
            variable_definitions: [],
            used_global_variables: [],
            type_condition: Object(65),
            directives: [],
            selections: [
                FragmentSpread {
                    fragment: Spanned {
                        span: 39:53,
                        item: "ChildFragment",
                    },
                    arguments: [
                        Argument {
                            name: Spanned {
                                span: 64:75,
                                item: "pictureSize",
                            },
                            value: Spanned {
                                span: 77:81,
                                item: Constant(
                                    List(
                                        [
                                            Int(
                                                42,
                                            ),
                                        ],
                                    ),
                                ),
                            },
                        },
                    ],
                    directives: [],
                },
            ],
        },
    ),
    Fragment(
        FragmentDefinition {
            name: Spanned {
                span: 95:109,
                item: "ChildFragment",
            },
            variable_definitions: [
                VariableDefinition {
                    name: Spanned {
                        span: 140:151,
                        item: "pictureSize",
                    },
                    type_: List(
                        Named(
                            Scalar(0),
                        ),
                    ),
                    default_value: None,
                    directives: [],
                },
            ],
            used_global_variables: [],
            type_condition: Object(65),
            directives: [],
            selections: [
                LinkedField {
                    alias: None,
                    definition: Spanned {
                        span: 171:188,
                        item: FieldID(
                            459,
                        ),
                    },
                    arguments: [
                        Argument {
                            name: Spanned {
                                span: 189:193,
                                item: "size",
                            },
                            value: Spanned {
                                span: 195:207,
                                item: Variable(
                                    Variable {
                                        name: Spanned {
                                            span: 195:207,
                                            item: "pictureSize",
                                        },
                                        type_: List(
                                            Named(
                                                Scalar(0),
                                            ),
                                        ),
                                    },
                                ),
                            },
                        },
                    ],
                    directives: [],
                    selections: [
                        ScalarField {
                            alias: None,
                            definition: Spanned {
                                span: 210:218,
                                item: FieldID(
                                    172,
                                ),
                            },
                            arguments: [],
                            directives: [],
                        },
                    ],
                },
            ],
        },
    ),
]
