==================================== INPUT ====================================
# expected-to-throw
fragment EnabledFoo on User {
  nearest_neighbor @required(action: NONE) {
    name @required(action: THROW)
  }
}
==================================== ERROR ====================================
✖︎ This use of @required is not compatible with Client Controlled Nullability

  throw-within-none.invalid.graphql:3:38
    2 │ fragment EnabledFoo on User {
    3 │   nearest_neighbor @required(action: NONE) {
      │                                      ^^^^
    4 │     name @required(action: THROW)

  ℹ︎ previous state

  throw-within-none.invalid.graphql:4:28
    3 │   nearest_neighbor @required(action: NONE) {
    4 │     name @required(action: THROW)
      │                            ^^^^^
    5 │   }
