==================================== INPUT ====================================
query updatableFragmentSpreadWithTypenameSiblingQuery {
  me {
    ...updatableFragmentSpreadWithTypenameSibling_user
    __typename
  }
}

fragment updatableFragmentSpreadWithTypenameSibling_user on User @updatable {
  firstName
}
==================================== OUTPUT ===================================
{
  "fragment": {
    "argumentDefinitions": [],
    "kind": "Fragment",
    "metadata": null,
    "name": "updatableFragmentSpreadWithTypenameSiblingQuery",
    "selections": [
      {
        "alias": null,
        "args": null,
        "concreteType": "User",
        "kind": "LinkedField",
        "name": "me",
        "plural": false,
        "selections": [
          {
            "args": null,
            "kind": "FragmentSpread",
            "name": "updatableFragmentSpreadWithTypenameSibling_user"
          },
          {
            "alias": null,
            "args": null,
            "kind": "ScalarField",
            "name": "__typename",
            "storageKey": null
          }
        ],
        "storageKey": null
      }
    ],
    "type": "Query",
    "abstractKey": null
  },
  "kind": "Request",
  "operation": {
    "argumentDefinitions": [],
    "kind": "Operation",
    "name": "updatableFragmentSpreadWithTypenameSiblingQuery",
    "selections": [
      {
        "alias": null,
        "args": null,
        "concreteType": "User",
        "kind": "LinkedField",
        "name": "me",
        "plural": false,
        "selections": [
          {
            "alias": null,
            "args": null,
            "kind": "ScalarField",
            "name": "__typename",
            "storageKey": null
          },
          {
            "alias": null,
            "args": null,
            "kind": "ScalarField",
            "name": "id",
            "storageKey": null
          }
        ],
        "storageKey": null
      }
    ]
  },
  "params": {
    "cacheID": "6b90b014dc1a60c6e1965dd6d5f54eb5",
    "id": null,
    "metadata": {},
    "name": "updatableFragmentSpreadWithTypenameSiblingQuery",
    "operationKind": "query",
    "text": null
  }
}

QUERY:

query updatableFragmentSpreadWithTypenameSiblingQuery {
  me {
    __typename
    id
  }
}


{
  "argumentDefinitions": [],
  "kind": "Fragment",
  "metadata": null,
  "name": "updatableFragmentSpreadWithTypenameSibling_user",
  "selections": [
    {
      "alias": null,
      "args": null,
      "kind": "ScalarField",
      "name": "firstName",
      "storageKey": null
    }
  ],
  "type": "User",
  "abstractKey": null
}
