==================================== INPUT ====================================
fragment EnabledActorsRendererFragment on User {
  id
  profile_picture @required(action: THROW) {
    uri
  }
}
==================================== OUTPUT ===================================
fragment EnabledActorsRendererFragment on User {
  id
  profile_picture @required(action: THROW) @__required(action: "THROW", path: "profile_picture") {
    uri
  }
}
