==================================== INPUT ====================================
/**
 * Copyright (c) Meta Platforms, Inc. and affiliates.
 *
 * This source code is licensed under the MIT license found in the
 * LICENSE file in the root directory of this source tree.
 */

/**
 * @RelayResolver ClientUser
 */
==================================== OUTPUT ===================================
StrongObjectResolver(
    StrongObjectIr {
        type_name: Identifier {
            span: 20:30,
            token: Token {
                span: 20:30,
                kind: Identifier,
            },
            value: "ClientUser",
        },
        rhs_location: /path/to/test/fixture/relay-resolver-strong-object.js:20:30,
        root_fragment: WithLocation {
            location: <generated>:0:0,
            item: FragmentDefinitionName(
                "ClientUser__id",
            ),
        },
        description: None,
        deprecated: None,
        live: None,
        semantic_non_null: None,
        location: /path/to/test/fixture/relay-resolver-strong-object.js:0:31,
        implements_interfaces: [],
        source_hash: ResolverSourceHash(
            "b1c8ae1937aed7425f5a87a4762ad83d",
        ),
    },
)
