query CommentQuery {
  node(id: "comment") {
    ... on Comment {
      actors {
        id
      }
    }
    id
  }
}
