==================================== INPUT ====================================
query Foo {
  client_type {
    ...MyFragment
  }
}

fragment MyFragment on ClientUnion {
  __typename
}

# %extensions%

extend type Query {
  client_type: ClientType
}

type ClientType {
  name: String
}

type OtherClientType {
  name: String
}

union ClientUnion = ClientType | OtherClientType
==================================== OUTPUT ===================================
{
  "argumentDefinitions": [],
  "kind": "Fragment",
  "metadata": null,
  "name": "MyFragment",
  "selections": [
    {
      "alias": null,
      "args": null,
      "kind": "ScalarField",
      "name": "__typename",
      "storageKey": null
    }
  ],
  "type": "ClientUnion",
  "abstractKey": "__isClientUnion"
}

{
  "argumentDefinitions": [],
  "kind": "Operation",
  "name": "Foo",
  "selections": [
    {
      "alias": null,
      "args": null,
      "concreteType": "ClientType",
      "kind": "LinkedField",
      "name": "client_type",
      "plural": false,
      "selections": [
        {
          "args": null,
          "kind": "FragmentSpread",
          "name": "MyFragment"
        }
      ],
      "storageKey": null
    }
  ],
  "clientAbstractTypes": {
    "__isClientUnion": [
      "ClientType",
      "OtherClientType"
    ]
  }
}
