==================================== INPUT ====================================
#expected-to-throw
subscription SubscriptionWithAnyOtherNameIsInvalidSubscription {
    feedbackLikeSubscribe(input: null) {
        clientMutationId
    }
}
==================================== ERROR ====================================
✖︎ Subscriptions in graphql tags must start with the module name ('SubscriptionWithInvalidName') and end with 'Subscription'. Got 'SubscriptionWithAnyOtherNameIsInvalidSubscription' instead.

  SubscriptionWithInvalidName.invalid.graphql:2:14
    1 │ #expected-to-throw
    2 │ subscription SubscriptionWithAnyOtherNameIsInvalidSubscription {
      │              ^^^^^^^^^^^^^^^^^^^^^^^^^^^^^^^^^^^^^^^^^^^^^^^^^
    3 │     feedbackLikeSubscribe(input: null) {
