{
  "kind": "Fragment",
  "directives": [],
  "metadata": {
    "plural": true
  },
  "name": "PluralFragment",
  "selections": [
    {
      "kind": "ScalarField",
      "alias": null,
      "args": [],
      "directives": [],
      "metadata": null,
      "name": "name",
      "type": "String"
    }
  ],
  "type": "User",
  "argumentDefinitions": []
}
