fragment TestFragment on Actor {
  id @skip(if: $usedInDirective)
}

query TestQuery(
  $usedInDirective: Boolean!
  $usedInCall: ID!
) {
  node(id: $usedInCall) {
    ...TestFragment
  }
}

query TestQuery2(
  $usedInTestQuery2: Boolean!
) {
  node(id: 4) {
    ... on Actor {
      id @skip(if: $usedInTestQuery2)
    }
  }
}
