==================================== INPUT ====================================
# expected-to-throw
# relay:no_custom_scalar_literals

query CustomScalarLiteralArgQuery {
    extension_field(custom_scalar_arg: ["1234", "5678"]) {
        __typename
    }
    extension_scalar_field(custom_scalar_arg: [])
}

# %extensions%

scalar CustomScalarType

type Obj {
    some_key: Int!
}

extend type Query {
    extension_field(custom_scalar_arg: CustomScalarType!): Obj
    extension_scalar_field(custom_scalar_arg: CustomScalarType!): Int
}
==================================== ERROR ====================================
✖︎ Unexpected list literal provided in a position expecting custom scalar type `CustomScalarType`.

  custom_scalar_list_literal_arg.invalid.graphql:5:40
    4 │ query CustomScalarLiteralArgQuery {
    5 │     extension_field(custom_scalar_arg: ["1234", "5678"]) {
      │                                        ^^^^^^^^^^^^^^^^
    6 │         __typename


✖︎ Unexpected list literal provided in a position expecting custom scalar type `CustomScalarType`.

  custom_scalar_list_literal_arg.invalid.graphql:8:47
    7 │     }
    8 │     extension_scalar_field(custom_scalar_arg: [])
      │                                               ^^
    9 │ }
